global_palette.h
global_palette.c
level1_block.h
level1_block.c
level1_ground.h
level1_ground.c
level1_block_bump1.h
level1_block_bump1.c
level1_block_bump2.h
level1_block_bump2.c
level1_block_bump3.h
level1_block_bump3.c
mario_title_card.h
mario_title_card.c
bg_pipes_top_right.h
bg_pipes_top_right.c
bg_pipes_top_left.h
bg_pipes_top_left.c
bg_pipes_bottom_right.h
bg_pipes_bottom_right.c
bg_pipes_bottom_left.h
bg_pipes_bottom_left.c
stand_right.h
stand_right.c
walk1_right.h
walk1_right.c
walk2_right.h
walk2_right.c
walk3_right.h
walk3_right.c
jump_right.h
jump_right.c
stand_left.h
stand_left.c
walk1_left.h
walk1_left.c
walk2_left.h
walk2_left.c
walk3_left.h
walk3_left.c
jump_left.h
jump_left.c
dead.h
dead.c
pipe_stationary_right.h
pipe_stationary_right.c
pipe_stationary_left.h
pipe_stationary_left.c
spike_walk1_right.h
spike_walk1_right.c
spike_walk2_right.h
spike_walk2_right.c
spike_walk3_right.h
spike_walk3_right.c
spike_upsidedown1_right.h
spike_upsidedown1_right.c
spike_walk1_left.h
spike_walk1_left.c
spike_walk2_left.h
spike_walk2_left.c
spike_walk3_left.h
spike_walk3_left.c
spike_upsidedown1_left.h
spike_upsidedown1_left.c
gfx.h
