global_palette.h
global_palette.c
level1_ground.h
level1_ground.c
level1_block_bump1.h
level1_block_bump1.c
level1_block_bump2.h
level1_block_bump2.c
level1_block_bump3.h
level1_block_bump3.c
lava_block_bump1.h
lava_block_bump1.c
lava_block_bump2.h
lava_block_bump2.c
lava_block_bump3.h
lava_block_bump3.c
castle_block_bump1.h
castle_block_bump1.c
castle_block_bump2.h
castle_block_bump2.c
castle_block_bump3.h
castle_block_bump3.c
snowy_iced_block_bump1.h
snowy_iced_block_bump1.c
snowy_iced_block_bump2.h
snowy_iced_block_bump2.c
snowy_iced_block_bump3.h
snowy_iced_block_bump3.c
snowy_normal_block_bump1.h
snowy_normal_block_bump1.c
snowy_normal_block_bump2.h
snowy_normal_block_bump2.c
snowy_normal_block_bump3.h
snowy_normal_block_bump3.c
bg_pipes.h
bg_pipes.c
bg_lava.h
bg_lava.c
bg_snowy.h
bg_snowy.c
bg_castle.h
bg_castle.c
bg_title.h
bg_title.c
stand_right.h
stand_right.c
walk1_right.h
walk1_right.c
walk2_right.h
walk2_right.c
walk3_right.h
walk3_right.c
jump_right.h
jump_right.c
stand_left.h
stand_left.c
walk1_left.h
walk1_left.c
walk2_left.h
walk2_left.c
walk3_left.h
walk3_left.c
jump_left.h
jump_left.c
dead.h
dead.c
pipe_stationary_right.h
pipe_stationary_right.c
pipe_stationary_left.h
pipe_stationary_left.c
pow_full.h
pow_full.c
pow_medium.h
pow_medium.c
pow_low.h
pow_low.c
coin1.h
coin1.c
coin2.h
coin2.c
coin3.h
coin3.c
coin4.h
coin4.c
coin5.h
coin5.c
pipes_block.h
pipes_block.c
snowy_normal_block.h
snowy_normal_block.c
snowy_iced_block1.h
snowy_iced_block1.c
snowy_iced_block2.h
snowy_iced_block2.c
lava_block.h
lava_block.c
castle_block.h
castle_block.c
icicle_forming1.h
icicle_forming1.c
icicle_forming2.h
icicle_forming2.c
icicle_forming3.h
icicle_forming3.c
icicle_full1.h
icicle_full1.c
icicle_full2.h
icicle_full2.c
icicle_full3.h
icicle_full3.c
spike_walk1_right.h
spike_walk1_right.c
spike_walk2_right.h
spike_walk2_right.c
spike_walk3_right.h
spike_walk3_right.c
spike_upsidedown1_right.h
spike_upsidedown1_right.c
spike_walk1_left.h
spike_walk1_left.c
spike_walk2_left.h
spike_walk2_left.c
spike_walk3_left.h
spike_walk3_left.c
spike_upsidedown1_left.h
spike_upsidedown1_left.c
crab_walk1_right.h
crab_walk1_right.c
crab_walk2_right.h
crab_walk2_right.c
crab_walk3_right.h
crab_walk3_right.c
crab_upsidedown1_right.h
crab_upsidedown1_right.c
crab_walk1_left.h
crab_walk1_left.c
crab_walk2_left.h
crab_walk2_left.c
crab_walk3_left.h
crab_walk3_left.c
crab_upsidedown1_left.h
crab_upsidedown1_left.c
crab_walk1_mad_right.h
crab_walk1_mad_right.c
crab_walk2_mad_right.h
crab_walk2_mad_right.c
crab_walk3_mad_right.h
crab_walk3_mad_right.c
crab_walk1_mad_left.h
crab_walk1_mad_left.c
crab_walk2_mad_left.h
crab_walk2_mad_left.c
crab_walk3_mad_left.h
crab_walk3_mad_left.c
fly_ground.h
fly_ground.c
fly_wing1.h
fly_wing1.c
fly_wing2.h
fly_wing2.c
fly_dead_left.h
fly_dead_left.c
fly_dead_right.h
fly_dead_right.c
freezie_walk1_left.h
freezie_walk1_left.c
freezie_walk2_left.h
freezie_walk2_left.c
freezie_walk3_left.h
freezie_walk3_left.c
freezie_walk1_right.h
freezie_walk1_right.c
freezie_walk2_right.h
freezie_walk2_right.c
freezie_walk3_right.h
freezie_walk3_right.c
freezie_die1_left.h
freezie_die1_left.c
freezie_die2_left.h
freezie_die2_left.c
freezie_die3_left.h
freezie_die3_left.c
freezie_die4_left.h
freezie_die4_left.c
freezie_die5_left.h
freezie_die5_left.c
freezie_die1_right.h
freezie_die1_right.c
freezie_die2_right.h
freezie_die2_right.c
freezie_die3_right.h
freezie_die3_right.c
freezie_die4_right.h
freezie_die4_right.c
freezie_die5_right.h
freezie_die5_right.c
fireball_green_big_rot1.h
fireball_green_big_rot1.c
fireball_green_big_rot2.h
fireball_green_big_rot2.c
fireball_green_big_rot3.h
fireball_green_big_rot3.c
fireball_green_big_rot4.h
fireball_green_big_rot4.c
fireball_red_big_rot1.h
fireball_red_big_rot1.c
fireball_red_big_rot2.h
fireball_red_big_rot2.c
fireball_red_big_rot3.h
fireball_red_big_rot3.c
fireball_red_big_rot4.h
fireball_red_big_rot4.c
phase_card.h
phase_card.c
phase_number0.h
phase_number0.c
phase_number1.h
phase_number1.c
phase_number2.h
phase_number2.c
phase_number3.h
phase_number3.c
phase_number4.h
phase_number4.c
phase_number5.h
phase_number5.c
phase_number6.h
phase_number6.c
phase_number7.h
phase_number7.c
phase_number8.h
phase_number8.c
phase_number9.h
phase_number9.c
phase_clear.h
phase_clear.c
gfx.h
